Microchip MPLAB XC8 Compiler V2.41

Linker command line:

-W-3 \
  --edf=C:\Program Files\Microchip\xc8\v2.41\pic\dat\20230208172133_en.msgs \
  -cn -h+dist/default/debug\Test_Research.X.debug.sym \
  --cmf=dist/default/debug\Test_Research.X.debug.cmf -z -Q18F46K22 \
  -oC:\Users\ALEJAN~1\AppData\Local\Temp\xcAs6sc.\driver_tmp_3.o \
  --defsym=__MPLAB_BUILD=1 --fixupoverflow=error \
  -Mdist/default/debug/Test_Research.X.debug.map \
  --md=C:\Users\ALEJAN~1\AppData\Local\Temp\xcAs6sc.\driver_tmp_0.dat -E1 \
  -ver=XC8 Compiler --acfsm=1493 -ACODE=00h-0FFFFh -ACONST=00h-0FFFFh \
  -ASMALLCONST=01000h-010FFhx240 -AMEDIUMCONST=01000h-0FFFFh \
  -ACOMRAM=01h-05Fh -AABS1=00h-0F37h -ABIGRAM=01h-0F37h \
  -ARAM=060h-0FFh,0100h-01FFhx14,0F00h-0F37h -ABANK0=060h-0FFh \
  -ABANK1=0100h-01FFh -ABANK2=0200h-02FFh -ABANK3=0300h-03FFh \
  -ABANK4=0400h-04FFh -ABANK5=0500h-05FFh -ABANK6=0600h-06FFh \
  -ABANK7=0700h-07FFh -ABANK8=0800h-08FFh -ABANK9=0900h-09FFh \
  -ABANK10=0A00h-0AFFh -ABANK11=0B00h-0BFFh -ABANK12=0C00h-0CFFh \
  -ABANK13=0D00h-0DFFh -ABANK14=0E00h-0EFFh -ABANK15=0F00h-0F37h \
  -ASFR=0F38h-0F5Fh,0F60h-0FFFh -ABIGSFR=0F38h-0FFFh \
  -ACONFIG=0300000h-030000Dh -AIDLOC=0200000h-0200007h \
  -AEEDATA=0F00000h-0F003FFh -peeprom_data=EEDATA \
  -preset_vec=00h,intcode=08h,intcodelo,powerup,init -pramtop=01000h \
  -psmallconst=SMALLCONST -pmediumconst=MEDIUMCONST -pconst=CONST \
  -AFARRAM=00h-00h \
  -prdata=COMRAM,nvrram=COMRAM,nvbit=COMRAM,rbss=COMRAM,rbit=COMRAM \
  -pfarbss=FARRAM,fardata=FARRAM,nvFARRAM=FARRAM \
  -pintsave_regs=BIGRAM,bigbss=BIGRAM,bigdata=BIGRAM -pbss=RAM \
  -pidata=CODE,irdata=CODE,ibigdata=CODE,ifardata=CODE -prparam=COMRAM \
  C:\Users\ALEJAN~1\AppData\Local\Temp\xcAs6sc.\driver_tmp_14.o \
  dist/default/debug\Test_Research.X.debug.o 

Object code version is 3.11

Machine type is 18F46K22



                Name                               Link     Load   Length Selector   Space Scale
C:\Users\ALEJAN~1\AppData\Local\Temp\xcAs6sc.\driver_tmp_14.o
                idloc                            200000   200000        8        0       5
                config                           300000   300000        E        0       4
                init                                 EC       EC        4        4       0
                reset_vec                             0        0        4        0       0
dist/default/debug\Test_Research.X.debug.o
                intcode                               8        8       E4        4       0
                idloc                            200000   200000        8        0       5
                config                           300000   300000        E        0       4
                temp                                 55       55        1        1       1
                smallconst                         1000     1000       A8      800       0
                text48                             4F1C     4F1C       24      854       0
                text47                             4FD2     4FD2       16      854       0
                text46                             4FBC     4FBC       16      854       0
                text45                             4FA6     4FA6       16      854       0
                text44                             4A6C     4A6C       62      854       0
                text42                             4F62     4F62       18      854       0
                text41                             4F90     4F90       16      854       0
                text40                             4A0A     4A0A       62      854       0
                text39                             4EF8     4EF8       24      854       0
                text38                             4F7A     4F7A       16      854       0
                text37                             4B2E     4B2E       5E      854       0
                text36                             3810     3810      39A      854       0
                text35                             474A     474A       AA      854       0
                text34                             42DC     42DC      104      854       0
                text33                             300A     300A      42A      854       0
                text32                             4E18     4E18       38      854       0
                text31                             2B4A     2B4A      4C0      854       0
                text30                             4D16     4D16       46      854       0
                text29                             41D6     41D6      106      854       0
                text28                             43E0     43E0       FE      854       0
                text27                             3E10     3E10      212      854       0
                text26                             49A4     49A4       66      854       0
                text25                             4C80     4C80       50      854       0
                text24                             4FE8     4FE8        2      854       0
                text23                             45BA     45BA       CA      854       0
                text22                             4D5C     4D5C       44      854       0
                text21                             47F4     47F4       7A      854       0
                text20                             4DA0     4DA0       40      854       0
                text19                             2150     2150      9FA      854       0
                text18                             4ED2     4ED2       26      854       0
                text17                             4684     4684       C6      854       0
                text16                             3BAA     3BAA      266      854       0
                text15                             4BDE     4BDE       52      854       0
                text14                             4C30     4C30       50      854       0
                text13                             486E     486E       6A      854       0
                text12                             4022     4022      1B4      854       0
                text11                             4CD0     4CD0       46      854       0
                text10                             4E7C     4E7C       2C      854       0
                text9                              4ACE     4ACE       60      854       0
                text8                              4F40     4F40       22      854       0
                text7                              4E50     4E50       2C      854       0
                text6                              4DE0     4DE0       38      854       0
                text5                              10A8     10A8     10A8      854       0
                text4                              4B8C     4B8C       52      854       0
                text3                              493E     493E       66      854       0
                text2                              48D8     48D8       66      854       0
                text1                              44DE     44DE       DC      854       0
                text0                              3434     3434      3DC      854       0
                cstackCOMRAM                          1        1       44        1       1
                cstackBANK0                          60       60       59       60       1
                cstackBANK1                         161      161       5D      100       1
                bssBANK1                            100      100       61      100       1
                bssBANK0                             B9       B9        1       60       1
                bssCOMRAM                            45       45       10        1       1
                cinit                              4EA8     4EA8       2A      854       0

TOTAL           Name                               Link     Load   Length     Space
        CLASS   CODE           
                intcode                               8        8       E4         0
                init                                 EC       EC        4         0
                reset_vec                             0        0        4         0
                text48                             4F1C     4F1C       24         0
                text47                             4FD2     4FD2       16         0
                text46                             4FBC     4FBC       16         0
                text45                             4FA6     4FA6       16         0
                text44                             4A6C     4A6C       62         0
                text42                             4F62     4F62       18         0
                text41                             4F90     4F90       16         0
                text40                             4A0A     4A0A       62         0
                text39                             4EF8     4EF8       24         0
                text38                             4F7A     4F7A       16         0
                text37                             4B2E     4B2E       5E         0
                text36                             3810     3810      39A         0
                text35                             474A     474A       AA         0
                text34                             42DC     42DC      104         0
                text33                             300A     300A      42A         0
                text32                             4E18     4E18       38         0
                text31                             2B4A     2B4A      4C0         0
                text30                             4D16     4D16       46         0
                text29                             41D6     41D6      106         0
                text28                             43E0     43E0       FE         0
                text27                             3E10     3E10      212         0
                text26                             49A4     49A4       66         0
                text25                             4C80     4C80       50         0
                text24                             4FE8     4FE8        2         0
                text23                             45BA     45BA       CA         0
                text22                             4D5C     4D5C       44         0
                text21                             47F4     47F4       7A         0
                text20                             4DA0     4DA0       40         0
                text19                             2150     2150      9FA         0
                text18                             4ED2     4ED2       26         0
                text17                             4684     4684       C6         0
                text16                             3BAA     3BAA      266         0
                text15                             4BDE     4BDE       52         0
                text14                             4C30     4C30       50         0
                text13                             486E     486E       6A         0
                text12                             4022     4022      1B4         0
                text11                             4CD0     4CD0       46         0
                text10                             4E7C     4E7C       2C         0
                text9                              4ACE     4ACE       60         0
                text8                              4F40     4F40       22         0
                text7                              4E50     4E50       2C         0
                text6                              4DE0     4DE0       38         0
                text5                              10A8     10A8     10A8         0
                text4                              4B8C     4B8C       52         0
                text3                              493E     493E       66         0
                text2                              48D8     48D8       66         0
                text1                              44DE     44DE       DC         0
                text0                              3434     3434      3DC         0
                cinit                              4EA8     4EA8       2A         0

        CLASS   CONST          

        CLASS   SMALLCONST     
                smallconst                         1000     1000       A8         0

        CLASS   MEDIUMCONST    

        CLASS   COMRAM         
                temp                                 55       55        1         1
                cstackCOMRAM                          1        1       44         1
                bssCOMRAM                            45       45       10         1

        CLASS   ABS1           

        CLASS   BIGRAM         

        CLASS   RAM            

        CLASS   BANK0          
                cstackBANK0                          60       60       59         1
                bssBANK0                             B9       B9        1         1

        CLASS   BANK1          
                cstackBANK1                         161      161       5D         1
                bssBANK1                            100      100       61         1

        CLASS   BANK2          

        CLASS   BANK3          

        CLASS   BANK4          

        CLASS   BANK5          

        CLASS   BANK6          

        CLASS   BANK7          

        CLASS   BANK8          

        CLASS   BANK9          

        CLASS   BANK10         

        CLASS   BANK11         

        CLASS   BANK12         

        CLASS   BANK13         

        CLASS   BANK14         

        CLASS   BANK15         

        CLASS   SFR            

        CLASS   BIGSFR         

        CLASS   CONFIG         
                config                           300000   300000        E         4

        CLASS   IDLOC          
                idloc                            200000   200000        8         5

        CLASS   EEDATA         

        CLASS   FARRAM         

        CLASS   HEAP           

        CLASS   STACK          



SEGMENTS        Name                           Load    Length   Top    Selector   Space  Class

                reset_vec                      000000  000004  000004         0       0  CODE    
                cstackCOMRAM                   000001  000055  000056         1       1  COMRAM  
                intcode                        000008  0000E8  0000F0         4       0  CODE    
                cstackBANK0                    000060  00005A  0000BA        60       1  BANK0   
                bssBANK1                       000100  0000BE  0001BE       100       1  BANK1   
                smallconst                     001000  0000A8  0010A8       800       0  SMALLCON
                text5                          0010A8  003F42  004FEA       854       0  CODE    


UNUSED ADDRESS RANGES

        Name                Unused          Largest block    Delta
        BANK0            0000BA-0000FF               46
        BANK1            0001BE-0001FF               42
        BANK10           000A00-000AFF              100
        BANK11           000B00-000BFF              100
        BANK12           000C00-000CFF              100
        BANK13           000D00-000DFF              100
        BANK14           000E00-000EFF              100
        BANK15           000F00-000F37               38
        BANK2            000200-0002FF              100
        BANK3            000300-0003FF              100
        BANK4            000400-0004FF              100
        BANK5            000500-0005FF              100
        BANK6            000600-0006FF              100
        BANK7            000700-0007FF              100
        BANK8            000800-0008FF              100
        BANK9            000900-0009FF              100
        BIGRAM           000056-00005F                A
                         0000BA-0000FF               46
                         0001BE-000F37              D7A
        BIGSFR           000F38-000FFF               C8
        CODE             000004-000007                4
                         0000F0-000FFF              F10
                         004FEA-00FFFF             B016
        COMRAM           000056-00005F                A
        CONST            000004-000007                4
                         0000F0-000FFF              F10
                         004FEA-00FFFF             B016
        EEDATA           F00000-F003FF              400
        MEDIUMCONST      004FEA-00FFFF             B016
        RAM              0000BA-0000FF               46
                         0001BE-000F37              100
        SFR              000F38-000FFF               28
        SMALLCONST       004FEA-00FFFF              100

                                  Symbol Table

?___fladd                     cstackCOMRAM 00000B
?___fldiv                     cstackCOMRAM 00000B
?___flmul                     cstackCOMRAM 00000B
?___flneg                     cstackCOMRAM 00000B
?___flsub                     cstackCOMRAM 000024
?___fltol                     cstackCOMRAM 00000B
?___fpclassifyf               cstackCOMRAM 00000B
?___lmul                      cstackCOMRAM 00000B
?___wmul                      cstackCOMRAM 00000B
?___xxtofl                    cstackCOMRAM 00000B
?_floorf                      cstackCOMRAM 000024
?_isdigit                     cstackCOMRAM 00000B
?_islower                     cstackCOMRAM 00000B
?_isspace                     cstackCOMRAM 00000B
?_isxdigit                    cstackCOMRAM 00000F
?_labs                        cstackCOMRAM 00000B
?_nanf                        cstackCOMRAM 00000B
?_read_prec_or_width          cstackCOMRAM 000011
?_sprintf                     cstackBANK0  00009F
?_strchr                      cstackCOMRAM 00000B
?_strcspn                     cstackCOMRAM 00000F
?_strspn                      cstackCOMRAM 00000F
?_strtof                      cstackCOMRAM 000030
?_strtok                      cstackCOMRAM 000016
?_toupper                     cstackCOMRAM 00000F
?_vfprintf                    cstackBANK0  000099
LCD@data                      cstackCOMRAM 00000B
RXTX@receivedChar             cstackCOMRAM 00000A
SettingsLCD@word              cstackCOMRAM 00000C
UART1_Write_Char@data         cstackCOMRAM 00000B
UART1_Write_String@text       cstackCOMRAM 00000C
WriteLCD@word                 cstackCOMRAM 000002
_ANSELC                       (abs)        000F3A
_ANSELD                       (abs)        000F3B
_ANSELE                       (abs)        000F3C
_GIE                          (abs)        007F97
_LATCbits                     (abs)        000F8B
_LATD                         (abs)        000F8C
_LATE                         (abs)        000F8D
_LATE0                        (abs)        007C68
_LATE1                        (abs)        007C69
_LCD                          text39       004EF8
_OSCCON                       (abs)        000FD3
_PEIE                         (abs)        007F96
_RC1IF                        (abs)        007CF5
_RCIE                         (abs)        007CED
_RCIF                         (abs)        007CF5
_RCREG1                       (abs)        000FAE
_RCSTA1                       (abs)        000FAB
_RXTX                         intcode      000008
_SPBRG1                       (abs)        000FAF
_SettingsLCD                  text38       004F7A
_TRISCbits                    (abs)        000F94
_TRISD                        (abs)        000F95
_TRISE                        (abs)        000F96
_TX1IF                        (abs)        007CF4
_TXREG1                       (abs)        000FAD
_TXSTA1                       (abs)        000FAC
_UART1_Read_Char              text42       004F62
_UART1_Write_Char             text41       004F90
_UART1_Write_String           text40       004A0A
_WriteLCD                     text47       004FD2
__HRAM                        (abs)        000000
__H__absolute__               __absolute__ 000000
__Habs1                       abs1         000000
__Hbank0                      bank0        000000
__Hbank1                      bank1        000000
__Hbank10                     bank10       000000
__Hbank11                     bank11       000000
__Hbank12                     bank12       000000
__Hbank13                     bank13       000000
__Hbank14                     bank14       000000
__Hbank15                     bank15       000000
__Hbank2                      bank2        000000
__Hbank3                      bank3        000000
__Hbank4                      bank4        000000
__Hbank5                      bank5        000000
__Hbank6                      bank6        000000
__Hbank7                      bank7        000000
__Hbank8                      bank8        000000
__Hbank9                      bank9        000000
__Hbigbss                     bigbss       000000
__Hbigdata                    bigdata      000000
__Hbigram                     bigram       000000
__Hbigsfr                     bigsfr       000000
__Hbss                        bss          000000
__HbssBANK0                   bssBANK0     000000
__HbssBANK1                   bssBANK1     000000
__HbssCOMRAM                  bssCOMRAM    000000
__Hcinit                      cinit        000000
__Hclrtext                    clrtext      000000
__Hcomram                     comram       000000
__Hconfig                     config       30000E
__Hconst                      const        000000
__HcstackBANK0                cstackBANK0  000000
__HcstackBANK1                cstackBANK1  000000
__HcstackCOMRAM               cstackCOMRAM 000000
__Hdata                       data         000000
__Heeprom_data                eeprom_data  000000
__Hfarbss                     farbss       000000
__Hfardata                    fardata      000000
__Hheap                       heap         000000
__Hibigdata                   ibigdata     000000
__Hidata                      idata        000000
__Hidloc                      idloc        200008
__Hifardata                   ifardata     000000
__Hinit                       init         0000F0
__Hintcode                    intcode      0000EC
__Hintcode_body               intcode_body 000000
__Hintcodelo                  intcodelo    0000EC
__Hintentry                   intentry     000000
__Hintret                     intret       000000
__Hintsave_regs               intsave_regs 000000
__Hirdata                     irdata       000000
__Hmediumconst                mediumconst  000000
__HnvFARRAM                   nvFARRAM     000000
__Hnvbit                      nvbit        000000
__Hnvrram                     nvrram       000000
__Hparam                      rparam       000000
__Hpowerup                    powerup      0000EC
__Hram                        ram          000000
__Hramtop                     ramtop       001000
__Hrbit                       rbit         000000
__Hrbss                       rbss         000000
__Hrdata                      rdata        000000
__Hreset_vec                  reset_vec    000004
__Hrparam                     rparam       000000
__Hsfr                        sfr          000000
__Hsmallconst                 smallconst   0010A8
__Hspace_0                    (abs)        004FEA
__Hspace_1                    (abs)        0001BE
__Hspace_2                    (abs)        000000
__Hspace_4                    (abs)        60000E
__Hstack                      stack        000000
__Hstruct                     struct       000000
__Htemp                       temp         000056
__Htext                       text         000000
__Htext0                      text0        000000
__Htext1                      text1        000000
__Htext10                     text10       000000
__Htext11                     text11       000000
__Htext12                     text12       000000
__Htext13                     text13       000000
__Htext14                     text14       000000
__Htext15                     text15       000000
__Htext16                     text16       000000
__Htext17                     text17       000000
__Htext18                     text18       000000
__Htext19                     text19       000000
__Htext2                      text2        000000
__Htext20                     text20       000000
__Htext21                     text21       000000
__Htext22                     text22       000000
__Htext23                     text23       000000
__Htext24                     text24       000000
__Htext25                     text25       000000
__Htext26                     text26       000000
__Htext27                     text27       000000
__Htext28                     text28       000000
__Htext29                     text29       000000
__Htext3                      text3        000000
__Htext30                     text30       000000
__Htext31                     text31       000000
__Htext32                     text32       000000
__Htext33                     text33       000000
__Htext34                     text34       000000
__Htext35                     text35       000000
__Htext36                     text36       000000
__Htext37                     text37       000000
__Htext38                     text38       000000
__Htext39                     text39       000000
__Htext4                      text4        000000
__Htext40                     text40       000000
__Htext41                     text41       000000
__Htext42                     text42       000000
__Htext44                     text44       000000
__Htext45                     text45       000000
__Htext46                     text46       000000
__Htext47                     text47       000000
__Htext48                     text48       000000
__Htext5                      text5        000000
__Htext6                      text6        000000
__Htext7                      text7        000000
__Htext8                      text8        000000
__Htext9                      text9        000000
__LRAM                        (abs)        000001
__L__absolute__               __absolute__ 000000
__Labs1                       abs1         000000
__Lbank0                      bank0        000000
__Lbank1                      bank1        000000
__Lbank10                     bank10       000000
__Lbank11                     bank11       000000
__Lbank12                     bank12       000000
__Lbank13                     bank13       000000
__Lbank14                     bank14       000000
__Lbank15                     bank15       000000
__Lbank2                      bank2        000000
__Lbank3                      bank3        000000
__Lbank4                      bank4        000000
__Lbank5                      bank5        000000
__Lbank6                      bank6        000000
__Lbank7                      bank7        000000
__Lbank8                      bank8        000000
__Lbank9                      bank9        000000
__Lbigbss                     bigbss       000000
__Lbigdata                    bigdata      000000
__Lbigram                     bigram       000000
__Lbigsfr                     bigsfr       000000
__Lbss                        bss          000000
__LbssBANK0                   bssBANK0     000000
__LbssBANK1                   bssBANK1     000000
__LbssCOMRAM                  bssCOMRAM    000000
__Lcinit                      cinit        000000
__Lclrtext                    clrtext      000000
__Lcomram                     comram       000000
__Lconfig                     config       000000
__Lconst                      const        000000
__LcstackBANK0                cstackBANK0  000000
__LcstackBANK1                cstackBANK1  000000
__LcstackCOMRAM               cstackCOMRAM 000000
__Ldata                       data         000000
__Leeprom_data                eeprom_data  000000
__Lfarbss                     farbss       000000
__Lfardata                    fardata      000000
__Lheap                       heap         000000
__Libigdata                   ibigdata     000000
__Lidata                      idata        000000
__Lidloc                      idloc        000000
__Lifardata                   ifardata     000000
__Linit                       init         0000EC
__Lintcode                    intcode      000008
__Lintcode_body               intcode_body 000000
__Lintcodelo                  intcodelo    0000EC
__Lintentry                   intentry     000000
__Lintret                     intret       000000
__Lintsave_regs               intsave_regs 000000
__Lirdata                     irdata       000000
__Lmediumconst                mediumconst  000000
__LnvFARRAM                   nvFARRAM     000000
__Lnvbit                      nvbit        000000
__Lnvrram                     nvrram       000000
__Lparam                      rparam       000000
__Lpowerup                    powerup      0000EC
__Lram                        ram          000000
__Lramtop                     ramtop       001000
__Lrbit                       rbit         000000
__Lrbss                       rbss         000000
__Lrdata                      rdata        000000
__Lreset_vec                  reset_vec    000000
__Lrparam                     rparam       000000
__Lsfr                        sfr          000000
__Lsmallconst                 smallconst   001000
__Lspace_0                    (abs)        000000
__Lspace_1                    (abs)        000000
__Lspace_2                    (abs)        000000
__Lspace_4                    (abs)        000000
__Lstack                      stack        000000
__Lstruct                     struct       000000
__Ltemp                       temp         000055
__Ltext                       text         000000
__Ltext0                      text0        000000
__Ltext1                      text1        000000
__Ltext10                     text10       000000
__Ltext11                     text11       000000
__Ltext12                     text12       000000
__Ltext13                     text13       000000
__Ltext14                     text14       000000
__Ltext15                     text15       000000
__Ltext16                     text16       000000
__Ltext17                     text17       000000
__Ltext18                     text18       000000
__Ltext19                     text19       000000
__Ltext2                      text2        000000
__Ltext20                     text20       000000
__Ltext21                     text21       000000
__Ltext22                     text22       000000
__Ltext23                     text23       000000
__Ltext24                     text24       000000
__Ltext25                     text25       000000
__Ltext26                     text26       000000
__Ltext27                     text27       000000
__Ltext28                     text28       000000
__Ltext29                     text29       000000
__Ltext3                      text3        000000
__Ltext30                     text30       000000
__Ltext31                     text31       000000
__Ltext32                     text32       000000
__Ltext33                     text33       000000
__Ltext34                     text34       000000
__Ltext35                     text35       000000
__Ltext36                     text36       000000
__Ltext37                     text37       000000
__Ltext38                     text38       000000
__Ltext39                     text39       000000
__Ltext4                      text4        000000
__Ltext40                     text40       000000
__Ltext41                     text41       000000
__Ltext42                     text42       000000
__Ltext44                     text44       000000
__Ltext45                     text45       000000
__Ltext46                     text46       000000
__Ltext47                     text47       000000
__Ltext48                     text48       000000
__Ltext5                      text5        000000
__Ltext6                      text6        000000
__Ltext7                      text7        000000
__Ltext8                      text8        000000
__Ltext9                      text9        000000
__S0                          (abs)        004FEA
__S1                          (abs)        0001BE
__S4                          (abs)        000000
__S5                          (abs)        000000
___fladd                      text31       002B4A
___fladd@a                    cstackCOMRAM 00000F
___fladd@aexp                 cstackCOMRAM 000018
___fladd@b                    cstackCOMRAM 00000B
___fladd@bexp                 cstackCOMRAM 000019
___fladd@grs                  cstackCOMRAM 00001A
___fladd@signs                cstackCOMRAM 000017
___fldiv                      text36       003810
___fldiv@a                    cstackCOMRAM 00000F
___fldiv@aexp                 cstackCOMRAM 000023
___fldiv@b                    cstackCOMRAM 00000B
___fldiv@bexp                 cstackCOMRAM 000022
___fldiv@grs                  cstackCOMRAM 00001E
___fldiv@new_exp              cstackCOMRAM 00001C
___fldiv@rem                  cstackCOMRAM 000017
___fldiv@sign                 cstackCOMRAM 00001B
___fleq                       text35       00474A
___fleq@ff1                   cstackCOMRAM 00000B
___fleq@ff2                   cstackCOMRAM 00000F
___flge                       text34       0042DC
___flge@ff1                   cstackCOMRAM 000024
___flge@ff2                   cstackCOMRAM 000028
___flmul                      text33       00300A
___flmul@a                    cstackCOMRAM 00000F
___flmul@aexp                 cstackCOMRAM 000018
___flmul@b                    cstackCOMRAM 00000B
___flmul@bexp                 cstackCOMRAM 00001D
___flmul@grs                  cstackCOMRAM 000019
___flmul@prod                 cstackCOMRAM 00001E
___flmul@sign                 cstackCOMRAM 000017
___flmul@temp                 cstackCOMRAM 000022
___flneg                      text32       004E18
___flneg@f1                   cstackCOMRAM 00000B
___flsub                      text30       004D16
___flsub@a                    cstackCOMRAM 000028
___flsub@b                    cstackCOMRAM 000024
___fltol                      text29       0041D6
___fltol@exp1                 cstackCOMRAM 000014
___fltol@f1                   cstackCOMRAM 00000B
___fltol@sign1                cstackCOMRAM 000013
___fpclassifyf                text28       0043E0
___fpclassifyf@F465           bssCOMRAM    000049
___fpclassifyf@e              cstackCOMRAM 000013
___fpclassifyf@u              cstackCOMRAM 000015
___fpclassifyf@x              cstackCOMRAM 00000B
___heap_hi                    (abs)        000000
___heap_lo                    (abs)        000000
___inthi_sp                   stack        000000
___intlo_sp                   stack        000000
___lmul                       text13       00486E
___lmul@multiplicand          cstackCOMRAM 00000F
___lmul@multiplier            cstackCOMRAM 00000B
___lmul@product               cstackCOMRAM 000013
___param_bank                 (abs)        000000
___rparam_used                (abs)        000001
___sp                         stack        000000
___wmul                       text18       004ED2
___wmul@multiplicand          cstackCOMRAM 00000D
___wmul@multiplier            cstackCOMRAM 00000B
___wmul@product               cstackCOMRAM 00000F
___xxtofl                     text12       004022
___xxtofl@arg                 cstackCOMRAM 000015
___xxtofl@exp                 cstackCOMRAM 000014
___xxtofl@sign                cstackCOMRAM 000013
___xxtofl@val                 cstackCOMRAM 00000B
__accesstop                   (abs)        000060
__activetblptr                (abs)        000002
__end_of_LCD                  text39       004F1C
__end_of_RXTX                 intcode      0000EC
__end_of_SettingsLCD          text38       004F90
__end_of_UART1_Read_Char      text42       004F7A
__end_of_UART1_Write_Char     text41       004FA6
__end_of_UART1_Write_String   text40       004A6C
__end_of_WriteLCD             text47       004FE8
__end_of___fladd              text31       00300A
__end_of___fldiv              text36       003BAA
__end_of___fleq               text35       0047F4
__end_of___flge               text34       0043E0
__end_of___flmul              text33       003434
__end_of___flneg              text32       004E50
__end_of___flsub              text30       004D5C
__end_of___fltol              text29       0042DC
__end_of___fpclassifyf        text28       0044DE
__end_of___lmul               text13       0048D8
__end_of___wmul               text18       004EF8
__end_of___xxtofl             text12       0041D6
__end_of__initialization      cinit        004EC4
__end_of_efgtoa               text19       002B4A
__end_of_floorf               text27       004022
__end_of_fputc                text23       004684
__end_of_fputs                text22       004DA0
__end_of_isdigit              text10       004EA8
__end_of_islower              text7        004E7C
__end_of_isspace              text11       004D16
__end_of_isxdigit             text9        004B2E
__end_of_labs                 text26       004A0A
__end_of_main                 text0        003810
__end_of_memcpy               text25       004CD0
__end_of_nanf                 text8        004F62
__end_of_pad                  text21       00486E
__end_of_putch                text24       004FEA
__end_of_read_prec_or_width   text17       00474A
__end_of_settings             text37       004B8C
__end_of_sprintf              text14       004C80
__end_of_strchr               text4        004BDE
__end_of_strcpy               text20       004DE0
__end_of_strcspn              text3        0049A4
__end_of_strspn               text2        00493E
__end_of_strtof               text5        002150
__end_of_strtok               text1        0045BA
__end_of_toupper              text6        004E18
__end_of_vfpfcnvrt            text16       003E10
__end_of_vfprintf             text15       004C30
__end_ofi2_LCD                text48       004F40
__end_ofi2_SettingsLCD        text46       004FD2
__end_ofi2_UART1_Write_Char   text45       004FBC
__end_ofi2_UART1_Write_String text44       004ACE
__initialization              cinit        004EA8
__mediumconst                 mediumconst  000000
__pbssBANK0                   bssBANK0     0000B9
__pbssBANK1                   bssBANK1     000100
__pbssCOMRAM                  bssCOMRAM    000045
__pcinit                      cinit        004EA8
__pcstackBANK0                cstackBANK0  000060
__pcstackBANK1                cstackBANK1  000161
__pcstackCOMRAM               cstackCOMRAM 000001
__pintcode                    intcode      000008
__psmallconst                 smallconst   001000
__ptext0                      text0        003434
__ptext1                      text1        0044DE
__ptext10                     text10       004E7C
__ptext11                     text11       004CD0
__ptext12                     text12       004022
__ptext13                     text13       00486E
__ptext14                     text14       004C30
__ptext15                     text15       004BDE
__ptext16                     text16       003BAA
__ptext17                     text17       004684
__ptext18                     text18       004ED2
__ptext19                     text19       002150
__ptext2                      text2        0048D8
__ptext20                     text20       004DA0
__ptext21                     text21       0047F4
__ptext22                     text22       004D5C
__ptext23                     text23       0045BA
__ptext24                     text24       004FE8
__ptext25                     text25       004C80
__ptext26                     text26       0049A4
__ptext27                     text27       003E10
__ptext28                     text28       0043E0
__ptext29                     text29       0041D6
__ptext3                      text3        00493E
__ptext30                     text30       004D16
__ptext31                     text31       002B4A
__ptext32                     text32       004E18
__ptext33                     text33       00300A
__ptext34                     text34       0042DC
__ptext35                     text35       00474A
__ptext36                     text36       003810
__ptext37                     text37       004B2E
__ptext38                     text38       004F7A
__ptext39                     text39       004EF8
__ptext4                      text4        004B8C
__ptext40                     text40       004A0A
__ptext41                     text41       004F90
__ptext42                     text42       004F62
__ptext44                     text44       004A6C
__ptext45                     text45       004FA6
__ptext46                     text46       004FBC
__ptext47                     text47       004FD2
__ptext48                     text48       004F1C
__ptext5                      text5        0010A8
__ptext6                      text6        004DE0
__ptext7                      text7        004E50
__ptext8                      text8        004F40
__ptext9                      text9        004ACE
__ramtop                      ramtop       001000
__smallconst                  smallconst   001000
_dbuf                         bssBANK1     000111
_efgtoa                       text19       002150
_efgtoa$804                   cstackBANK0  000066
_errno                        bssCOMRAM    00004F
_finalX                       bssBANK1     000104
_finalY                       bssBANK1     000100
_flags                        bssBANK0     0000B9
_floorf                       text27       003E10
_fputc                        text23       0045BA
_fputs                        text22       004D5C
_initialX                     bssBANK1     00010C
_initialY                     bssBANK1     000108
_isdigit                      text10       004E7C
_islower                      text7        004E50
_isspace                      text11       004CD0
_isspace$1002                 cstackCOMRAM 00000F
_isxdigit                     text9        004ACE
_isxdigit$1014                cstackCOMRAM 000015
_labs                         text26       0049A4
_main                         text0        003434
_memcpy                       text25       004C80
_mode                         bssBANK1     000110
_nanf                         text8        004F40
_pad                          text21       0047F4
_prec                         bssCOMRAM    000053
_putch                        text24       004FE8
_read_prec_or_width           text17       004684
_settings                     text37       004B2E
_sprintf                      text14       004C30
_strchr                       text4        004B8C
_strcpy                       text20       004DA0
_strcspn                      text3        00493E
_strspn                       text2        0048D8
_strtof                       text5        0010A8
_strtok                       text1        0044DE
_toupper                      text6        004DE0
_vfpfcnvrt                    text16       003BAA
_vfprintf                     text15       004BDE
_width                        bssCOMRAM    000051
btemp                         temp         000055
efgtoa@c                      cstackCOMRAM 00003E
efgtoa@d                      cstackBANK0  00006B
efgtoa@e                      cstackBANK0  00006F
efgtoa@f                      cstackCOMRAM 00003A
efgtoa@fp                     cstackCOMRAM 000038
efgtoa@g                      cstackBANK0  000082
efgtoa@h                      cstackBANK0  000079
efgtoa@i                      cstackBANK0  000077
efgtoa@l                      cstackBANK0  00007D
efgtoa@m                      cstackBANK0  00006D
efgtoa@mode                   cstackBANK0  000069
efgtoa@n                      cstackBANK0  000086
efgtoa@ne                     cstackBANK0  000060
efgtoa@nmode                  cstackBANK0  00006A
efgtoa@ou                     cstackBANK0  000073
efgtoa@p                      cstackBANK0  000062
efgtoa@pp                     cstackBANK0  000068
efgtoa@sign                   cstackBANK0  000081
efgtoa@t                      cstackBANK0  000064
efgtoa@u                      cstackBANK0  000088
efgtoa@w                      cstackBANK0  000071
end_of_initialization         cinit        004EC4
floorf@F526                   bssCOMRAM    000045
floorf@e                      cstackCOMRAM 000032
floorf@m                      cstackCOMRAM 00002E
floorf@u                      cstackCOMRAM 000034
floorf@x                      cstackCOMRAM 000024
fputc@c                       cstackCOMRAM 00000B
fputc@fp                      cstackCOMRAM 00000D
fputs@c                       cstackCOMRAM 000018
fputs@fp                      cstackCOMRAM 000016
fputs@i                       cstackCOMRAM 000019
fputs@s                       cstackCOMRAM 000014
i2LCD@data                    cstackCOMRAM 000001
i2SettingsLCD@word            cstackCOMRAM 000002
i2UART1_Write_Char@data       cstackCOMRAM 000001
i2UART1_Write_String@text     cstackCOMRAM 000002
i2_LCD                        text48       004F1C
i2_SettingsLCD                text46       004FBC
i2_UART1_Write_Char           text45       004FA6
i2_UART1_Write_String         text44       004A6C
int$flags                     temp         000055
intlevel0                     text         000000
intlevel1                     text         000000
intlevel2                     text         000000
intlevel3                     text         000000
isa$std                       (abs)        000001
isa$xinst                     (abs)        000000
isdigit@c                     cstackCOMRAM 00000B
islower@c                     cstackCOMRAM 00000B
isspace@c                     cstackCOMRAM 00000B
isxdigit@c                    cstackCOMRAM 00000F
labs@a                        cstackCOMRAM 00000B
main@buffer                   cstackBANK1  000161
main@bufferFinal              cstackBANK1  00019D
main@bufferInicial            cstackBANK1  000189
main@coordX                   cstackBANK1  0001B1
main@coordY                   cstackBANK1  0001B5
main@index                    cstackBANK1  0001B9
main@lcdBuffer                cstackBANK1  000175
main@receivedChar             cstackBANK1  0001BB
main@token                    cstackBANK1  0001BC
memcpy@d                      cstackCOMRAM 000012
memcpy@d1                     cstackCOMRAM 00000B
memcpy@n                      cstackCOMRAM 00000F
memcpy@s                      cstackCOMRAM 000014
memcpy@s1                     cstackCOMRAM 00000D
memcpy@tmp                    cstackCOMRAM 000011
nanf@s                        cstackCOMRAM 00000B
nanf@u                        cstackCOMRAM 00000F
pad@buf                       cstackCOMRAM 00001D
pad@fp                        cstackCOMRAM 00001B
pad@i                         cstackCOMRAM 000022
pad@p                         cstackCOMRAM 00001F
pad@w                         cstackCOMRAM 000024
read_prec_or_width@ap         cstackCOMRAM 000013
read_prec_or_width@c          cstackCOMRAM 000017
read_prec_or_width@fmt        cstackCOMRAM 000011
read_prec_or_width@n          cstackCOMRAM 000018
sprintf@ap                    cstackBANK0  0000AB
sprintf@f                     cstackBANK0  0000AD
sprintf@fmt                   cstackBANK0  0000A1
sprintf@s                     cstackBANK0  00009F
stackhi                       (abs)        000000
stacklo                       (abs)        000000
start                         init         0000EC
start_initialization          cinit        004EA8
strchr@c                      cstackCOMRAM 00000D
strchr@s                      cstackCOMRAM 00000B
strcpy@d                      cstackCOMRAM 000011
strcpy@dest                   cstackCOMRAM 00000B
strcpy@s                      cstackCOMRAM 00000F
strcpy@src                    cstackCOMRAM 00000D
strcspn@c                     cstackCOMRAM 000011
strcspn@i                     cstackCOMRAM 000014
strcspn@s                     cstackCOMRAM 00000F
strspn@c                      cstackCOMRAM 000011
strspn@i                      cstackCOMRAM 000014
strspn@s                      cstackCOMRAM 00000F
strtof@_u                     cstackBANK0  00006A
strtof@digit                  cstackBANK0  000064
strtof@dpos                   cstackBANK0  000061
strtof@eexp                   cstackBANK0  000068
strtof@err                    cstackBANK0  000062
strtof@expon                  cstackBANK0  000066
strtof@flags                  cstackBANK0  000065
strtof@i                      cstackBANK0  00006E
strtof@res                    cstackCOMRAM 000032
strtof@s                      cstackCOMRAM 000030
strtof@xpos                   cstackBANK0  000060
strtok@p                      bssCOMRAM    00004D
strtok@s                      cstackCOMRAM 000016
strtok@sep                    cstackCOMRAM 000018
toupper@c                     cstackCOMRAM 00000F
ttemp5                        temp         000056
ttemp6                        temp         000059
ttemp7                        temp         00005D
vfpfcnvrt@ap                  cstackBANK0  000090
vfpfcnvrt@c                   cstackBANK0  000096
vfpfcnvrt@convarg             cstackBANK0  000092
vfpfcnvrt@cp                  cstackBANK0  000097
vfpfcnvrt@fmt                 cstackBANK0  00008E
vfpfcnvrt@fp                  cstackBANK0  00008C
vfprintf@ap                   cstackBANK0  00009D
vfprintf@cfmt                 cstackCOMRAM 000043
vfprintf@fmt                  cstackBANK0  00009B
vfprintf@fp                   cstackBANK0  000099
wtemp8                        temp         000056


MODULE INFORMATION

Module		Function		Class		Link	Load	Size
C:\Program Files\Microchip\xc8\v2.41\pic\sources\c99\common\__fpclassifyf.c
		___fpclassifyf 		CODE           	43E0	0000	254

C:\Program Files\Microchip\xc8\v2.41\pic\sources\c99\common\__fpclassifyf.c estimated size: 254

C:\Program Files\Microchip\xc8\v2.41\pic\sources\c99\common\toupper.c
		_toupper       		CODE           	4DE0	0000	56

C:\Program Files\Microchip\xc8\v2.41\pic\sources\c99\common\toupper.c estimated size: 56

C:\Program Files\Microchip\xc8\v2.41\pic\sources\c99\common\floorf.c
		_floorf        		CODE           	3E10	0000	530

C:\Program Files\Microchip\xc8\v2.41\pic\sources\c99\common\floorf.c estimated size: 530

C:\Program Files\Microchip\xc8\v2.41\pic\sources\c99\common\flge.c
		___flge        		CODE           	42DC	0000	260

C:\Program Files\Microchip\xc8\v2.41\pic\sources\c99\common\flge.c estimated size: 260

C:\Program Files\Microchip\xc8\v2.41\pic\sources\c99\common\Umul32.c
		___lmul        		CODE           	486E	0000	106

C:\Program Files\Microchip\xc8\v2.41\pic\sources\c99\common\Umul32.c estimated size: 106

C:\Program Files\Microchip\xc8\v2.41\pic\sources\c99\common\fltol.c
		___fltol       		CODE           	41D6	0000	262

C:\Program Files\Microchip\xc8\v2.41\pic\sources\c99\common\fltol.c estimated size: 262

C:\Program Files\Microchip\xc8\v2.41\pic\sources\c99\common\xxtofl.c
		___xxtofl      		CODE           	4022	0000	436

C:\Program Files\Microchip\xc8\v2.41\pic\sources\c99\common\xxtofl.c estimated size: 436

C:\Program Files\Microchip\xc8\v2.41\pic\sources\c99\common\strcspn.c
		_strcspn       		CODE           	493E	0000	102

C:\Program Files\Microchip\xc8\v2.41\pic\sources\c99\common\strcspn.c estimated size: 102

C:\Program Files\Microchip\xc8\v2.41\pic\sources\c99\common\nf_fputc.c
		_fputc         		CODE           	45BA	0000	202

C:\Program Files\Microchip\xc8\v2.41\pic\sources\c99\common\nf_fputc.c estimated size: 202

C:\Program Files\Microchip\xc8\v2.41\pic\sources\c99\common\strchr.c
		_strchr        		CODE           	4B8C	0000	82

C:\Program Files\Microchip\xc8\v2.41\pic\sources\c99\common\strchr.c estimated size: 82

C:\Program Files\Microchip\xc8\v2.41\pic\sources\c99\common\strcpy.c
		_strcpy        		CODE           	4DA0	0000	64

C:\Program Files\Microchip\xc8\v2.41\pic\sources\c99\common\strcpy.c estimated size: 64

C:\Program Files\Microchip\xc8\v2.41\pic\sources\c99\common\isdigit.c
		_isdigit       		CODE           	4E7C	0000	44

C:\Program Files\Microchip\xc8\v2.41\pic\sources\c99\common\isdigit.c estimated size: 44

C:\Program Files\Microchip\xc8\v2.41\pic\sources\c99\common\nf_sprintf.c
		_sprintf       		CODE           	4C30	0000	80

C:\Program Files\Microchip\xc8\v2.41\pic\sources\c99\common\nf_sprintf.c estimated size: 80

C:\Program Files\Microchip\xc8\v2.41\pic\sources\c99\common\sprcadd.c
		___flsub       		CODE           	4D16	0000	70
		___fladd       		CODE           	2B4A	0000	1216

C:\Program Files\Microchip\xc8\v2.41\pic\sources\c99\common\sprcadd.c estimated size: 1286

C:\Program Files\Microchip\xc8\v2.41\pic\sources\c99\common\nanf.c
		_nanf          		CODE           	4F40	0000	34

C:\Program Files\Microchip\xc8\v2.41\pic\sources\c99\common\nanf.c estimated size: 34

C:\Program Files\Microchip\xc8\v2.41\pic\sources\c99\common\isxdigit.c
		_isxdigit      		CODE           	4ACE	0000	96

C:\Program Files\Microchip\xc8\v2.41\pic\sources\c99\common\isxdigit.c estimated size: 96

C:\Program Files\Microchip\xc8\v2.41\pic\sources\c99\common\doprnt.c
		_read_prec_or_width		CODE           	4684	0000	198
		_vfpfcnvrt     		CODE           	3BAA	0000	614
		_efgtoa        		CODE           	2150	0000	2554
		_pad           		CODE           	47F4	0000	122
		_vfprintf      		CODE           	4BDE	0000	82

C:\Program Files\Microchip\xc8\v2.41\pic\sources\c99\common\doprnt.c estimated size: 3570

C:\Program Files\Microchip\xc8\v2.41\pic\sources\c99\common\flneg.c
		___flneg       		CODE           	4E18	0000	56

C:\Program Files\Microchip\xc8\v2.41\pic\sources\c99\common\flneg.c estimated size: 56

C:\Program Files\Microchip\xc8\v2.41\pic\sources\c99\common\strspn.c
		_strspn        		CODE           	48D8	0000	102

C:\Program Files\Microchip\xc8\v2.41\pic\sources\c99\common\strspn.c estimated size: 102

C:\Program Files\Microchip\xc8\v2.41\pic\sources\c99\common\fleq.c
		___fleq        		CODE           	474A	0000	170

C:\Program Files\Microchip\xc8\v2.41\pic\sources\c99\common\fleq.c estimated size: 170

C:\Program Files\Microchip\xc8\v2.41\pic\sources\c99\common\strtof.c
		_strtof        		CODE           	10A8	0000	4264

C:\Program Files\Microchip\xc8\v2.41\pic\sources\c99\common\strtof.c estimated size: 4264

shared
		i2_SettingsLCD 		CODE           	4FBC	0000	22
		i2_UART1_Write_Char		CODE           	4FA6	0000	22
		i2_LCD         		CODE           	4F1C	0000	36
		__initialization		CODE           	4EA8	0000	28
		i2_UART1_Write_String		CODE           	4A6C	0000	98

shared estimated size: 206

C:\Program Files\Microchip\xc8\v2.41\pic\sources\c99\common\memcpy.c
		_memcpy        		CODE           	4C80	0000	80

C:\Program Files\Microchip\xc8\v2.41\pic\sources\c99\common\memcpy.c estimated size: 80

C:\Program Files\Microchip\xc8\v2.41\pic\sources\c99\common\Umul16.c
		___wmul        		CODE           	4ED2	0000	38

C:\Program Files\Microchip\xc8\v2.41\pic\sources\c99\common\Umul16.c estimated size: 38

C:\Program Files\Microchip\xc8\v2.41\pic\sources\c99\common\putch.c
		_putch         		CODE           	4FE8	0000	2

C:\Program Files\Microchip\xc8\v2.41\pic\sources\c99\common\putch.c estimated size: 2

C:\Program Files\Microchip\xc8\v2.41\pic\sources\c99\common\nf_fputs.c
		_fputs         		CODE           	4D5C	0000	68

C:\Program Files\Microchip\xc8\v2.41\pic\sources\c99\common\nf_fputs.c estimated size: 68

C:\Program Files\Microchip\xc8\v2.41\pic\sources\c99\common\isspace.c
		_isspace       		CODE           	4CD0	0000	70

C:\Program Files\Microchip\xc8\v2.41\pic\sources\c99\common\isspace.c estimated size: 70

C:\Program Files\Microchip\xc8\v2.41\pic\sources\c99\common\islower.c
		_islower       		CODE           	4E50	0000	44

C:\Program Files\Microchip\xc8\v2.41\pic\sources\c99\common\islower.c estimated size: 44

C:\Program Files\Microchip\xc8\v2.41\pic\sources\c99\common\labs.c
		_labs          		CODE           	49A4	0000	102

C:\Program Files\Microchip\xc8\v2.41\pic\sources\c99\common\labs.c estimated size: 102

main.c
		_RXTX          		CODE           	0008	0000	228
		_settings      		CODE           	4B2E	0000	94
		_UART1_Read_Char		CODE           	4F62	0000	24
		_UART1_Write_Char		CODE           	4F90	0000	22
		_LCD           		CODE           	4EF8	0000	36
		_main          		CODE           	3434	0000	988
		_WriteLCD      		CODE           	4FD2	0000	22
		_UART1_Write_String		CODE           	4A0A	0000	98
		_SettingsLCD   		CODE           	4F7A	0000	22

main.c estimated size: 1534

C:\Program Files\Microchip\xc8\v2.41\pic\sources\c99\common\strtok.c
		_strtok        		CODE           	44DE	0000	220

C:\Program Files\Microchip\xc8\v2.41\pic\sources\c99\common\strtok.c estimated size: 220

C:\Program Files\Microchip\xc8\v2.41\pic\sources\c99\common\sprcmul.c
		___flmul       		CODE           	300A	0000	1066

C:\Program Files\Microchip\xc8\v2.41\pic\sources\c99\common\sprcmul.c estimated size: 1066

C:\Program Files\Microchip\xc8\v2.41\pic\sources\c99\common\sprcdiv.c
		___fldiv       		CODE           	3810	0000	922

C:\Program Files\Microchip\xc8\v2.41\pic\sources\c99\common\sprcdiv.c estimated size: 922

